[    0.000000] Initializing cgroup subsys cpuset
[    0.000000] Initializing cgroup subsys cpu
[    0.000000] Initializing cgroup subsys cpuacct
[    0.000000] Linux version 4.4.0-210-generic (buildd@lgw01-amd64-009) (gcc version 5.4.0 20160609 (Ubuntu 5.4.0-6ubuntu1~16.04.12) ) #242-Ubuntu SMP Fri Apr 16 09:57:56 UTC 2021 (Ubuntu 4.4.0-210.242-generic 4.4.262)
[    0.000000] Command line: BOOT_IMAGE=/boot/vmlinuz-4.4.0-210-generic root=LABEL=cloudimg-rootfs ro console=tty1 console=ttyS0
[    0.000000] KERNEL supported cpus:
[    0.000000]   Intel GenuineIntel
[    0.000000]   AMD AuthenticAMD
[    0.000000]   Centaur CentaurHauls
[    0.000000] [Firmware Bug]: TSC doesn't count with P0 frequency!
[    0.000000] x86/fpu: xstate_offset[2]:  576, xstate_sizes[2]:  256
[    0.000000] x86/fpu: Supporting XSAVE feature 0x01: 'x87 floating point registers'
[    0.000000] x86/fpu: Supporting XSAVE feature 0x02: 'SSE registers'
[    0.000000] x86/fpu: Supporting XSAVE feature 0x04: 'AVX registers'
[    0.000000] x86/fpu: Enabled xstate features 0x7, context size is 832 bytes, using 'standard' format.
[    0.000000] e820: BIOS-provided physical RAM map:
[    0.000000] BIOS-e820: [mem 0x0000000000000000-0x000000000009fbff] usable
[    0.000000] BIOS-e820: [mem 0x000000000009fc00-0x000000000009ffff] reserved
[    0.000000] BIOS-e820: [mem 0x00000000000f0000-0x00000000000fffff] reserved
[    0.000000] BIOS-e820: [mem 0x0000000000100000-0x000000003ffeffff] usable
[    0.000000] BIOS-e820: [mem 0x000000003fff0000-0x000000003fffffff] ACPI data
[    0.000000] BIOS-e820: [mem 0x00000000fec00000-0x00000000fec00fff] reserved
[    0.000000] BIOS-e820: [mem 0x00000000fee00000-0x00000000fee00fff] reserved
[    0.000000] BIOS-e820: [mem 0x00000000fffc0000-0x00000000ffffffff] reserved
[    0.000000] NX (Execute Disable) protection: active
[    0.000000] SMBIOS 2.5 present.
[    0.000000] Hypervisor detected: KVM
[    0.000000] Kernel/User page tables isolation: disabled
[    0.000000] e820: last_pfn = 0x3fff0 max_arch_pfn = 0x400000000
[    0.000000] MTRR: Disabled
[    0.000000] x86/PAT: MTRRs disabled, skipping PAT initialization too.
[    0.000000] CPU MTRRs all blank - virtualized system.
[    0.000000] x86/PAT: Configuration [0-7]: WB  WT  UC- UC  WB  WT  UC- UC  
[    0.000000] found SMP MP-table at [mem 0x0009fff0-0x0009ffff] mapped at [ffff88000009fff0]
[    0.000000] Scanning 1 areas for low memory corruption
[    0.000000] RAMDISK: [mem 0x362dc000-0x37165fff]
[    0.000000] ACPI: Early table checksum verification disabled
[    0.000000] ACPI: RSDP 0x00000000000E0000 000024 (v02 VBOX  )
[    0.000000] ACPI: XSDT 0x000000003FFF0030 00003C (v01 VBOX   VBOXXSDT 00000001 ASL  00000061)
[    0.000000] ACPI: FACP 0x000000003FFF00F0 0000F4 (v04 VBOX   VBOXFACP 00000001 ASL  00000061)
[    0.000000] ACPI: DSDT 0x000000003FFF0470 002325 (v02 VBOX   VBOXBIOS 00000002 INTL 20100528)
[    0.000000] ACPI: FACS 0x000000003FFF0200 000040
[    0.000000] ACPI: FACS 0x000000003FFF0200 000040
[    0.000000] ACPI: APIC 0x000000003FFF0240 00005C (v02 VBOX   VBOXAPIC 00000001 ASL  00000061)
[    0.000000] ACPI: SSDT 0x000000003FFF02A0 0001CC (v01 VBOX   VBOXCPUT 00000002 INTL 20100528)
[    0.000000] No NUMA configuration found
[    0.000000] Faking a node at [mem 0x0000000000000000-0x000000003ffeffff]
[    0.000000] NODE_DATA(0) allocated [mem 0x3ffeb000-0x3ffeffff]
[    0.000000] kvm-clock: Using msrs 4b564d01 and 4b564d00
[    0.000000] kvm-clock: cpu 0, msr 0:3ffe3001, primary cpu clock
[    0.000000] kvm-clock: using sched offset of 3873782979 cycles
[    0.000000] clocksource: kvm-clock: mask: 0xffffffffffffffff max_cycles: 0x1cd42e4dffb, max_idle_ns: 881590591483 ns
[    0.000000] Zone ranges:
[    0.000000]   DMA      [mem 0x0000000000001000-0x0000000000ffffff]
[    0.000000]   DMA32    [mem 0x0000000001000000-0x000000003ffeffff]
[    0.000000]   Normal   empty
[    0.000000]   Device   empty
[    0.000000] Movable zone start for each node
[    0.000000] Early memory node ranges
[    0.000000]   node   0: [mem 0x0000000000001000-0x000000000009efff]
[    0.000000]   node   0: [mem 0x0000000000100000-0x000000003ffeffff]
[    0.000000] Initmem setup node 0 [mem 0x0000000000001000-0x000000003ffeffff]
[    0.000000] ACPI: PM-Timer IO Port: 0x4008
[    0.000000] IOAPIC[0]: apic_id 2, version 32, address 0xfec00000, GSI 0-23
[    0.000000] ACPI: INT_SRC_OVR (bus 0 bus_irq 0 global_irq 2 dfl dfl)
[    0.000000] ACPI: INT_SRC_OVR (bus 0 bus_irq 9 global_irq 9 low level)
[    0.000000] Using ACPI (MADT) for SMP configuration information
[    0.000000] smpboot: Allowing 2 CPUs, 0 hotplug CPUs
[    0.000000] PM: Registered nosave memory: [mem 0x00000000-0x00000fff]
[    0.000000] PM: Registered nosave memory: [mem 0x0009f000-0x0009ffff]
[    0.000000] PM: Registered nosave memory: [mem 0x000a0000-0x000effff]
[    0.000000] PM: Registered nosave memory: [mem 0x000f0000-0x000fffff]
[    0.000000] e820: [mem 0x40000000-0xfebfffff] available for PCI devices
[    0.000000] Booting paravirtualized kernel on KVM
[    0.000000] clocksource: refined-jiffies: mask: 0xffffffff max_cycles: 0xffffffff, max_idle_ns: 7645519600211568 ns
[    0.000000] setup_percpu: NR_CPUS:512 nr_cpumask_bits:512 nr_cpu_ids:2 nr_node_ids:1
[    0.000000] PERCPU: Embedded 33 pages/cpu @ffff88003fc00000 s95192 r8192 d31784 u1048576
[    0.000000] Built 1 zonelists in Node order, mobility grouping on.  Total pages: 257912
[    0.000000] Policy zone: DMA32
[    0.000000] Kernel command line: BOOT_IMAGE=/boot/vmlinuz-4.4.0-210-generic root=LABEL=cloudimg-rootfs ro console=tty1 console=ttyS0
[    0.000000] PID hash table entries: 4096 (order: 3, 32768 bytes)
[    0.000000] Memory: 997792K/1048120K available (8644K kernel code, 1332K rwdata, 4044K rodata, 1492K init, 1164K bss, 50328K reserved, 0K cma-reserved)
[    0.000000] SLUB: HWalign=64, Order=0-3, MinObjects=0, CPUs=2, Nodes=1
[    0.000000] Hierarchical RCU implementation.
[    0.000000] 	Build-time adjustment of leaf fanout to 64.
[    0.000000] 	RCU restricting CPUs from NR_CPUS=512 to nr_cpu_ids=2.
[    0.000000] RCU: Adjusting geometry for rcu_fanout_leaf=64, nr_cpu_ids=2
[    0.000000] NR_IRQS:33024 nr_irqs:440 16
[    0.000000] Console: colour VGA+ 80x25
[    0.000000] console [tty1] enabled
[    0.000000] console [ttyS0] enabled
[    0.000000] tsc: Detected 1796.626 MHz processor
[    0.284114] Calibrating delay loop (skipped) preset value.. 3593.25 BogoMIPS (lpj=7186504)
[    0.287277] pid_max: default: 32768 minimum: 301
[    0.289014] ACPI: Core revision 20150930
[    0.292512] ACPI: 2 ACPI AML tables successfully acquired and loaded
[    0.295951] Security Framework initialized
[    0.297728] Yama: becoming mindful.
[    0.299874] AppArmor: AppArmor initialized
[    0.302228] Dentry cache hash table entries: 131072 (order: 8, 1048576 bytes)
[    0.305452] Inode-cache hash table entries: 65536 (order: 7, 524288 bytes)
[    0.310028] Mount-cache hash table entries: 2048 (order: 2, 16384 bytes)
[    0.313306] Mountpoint-cache hash table entries: 2048 (order: 2, 16384 bytes)
[    0.315926] Initializing cgroup subsys io
[    0.317487] Initializing cgroup subsys memory
[    0.319524] Initializing cgroup subsys devices
[    0.321507] Initializing cgroup subsys freezer
[    0.323064] Initializing cgroup subsys net_cls
[    0.325213] Initializing cgroup subsys perf_event
[    0.326951] Initializing cgroup subsys net_prio
[    0.329417] Initializing cgroup subsys hugetlb
[    0.331734] Initializing cgroup subsys pids
[    0.341417] mce: CPU supports 0 MCE banks
[    0.342945] Last level iTLB entries: 4KB 1024, 2MB 1024, 4MB 512
[    0.345674] Last level dTLB entries: 4KB 2048, 2MB 2048, 4MB 1024, 1GB 0
[    0.348135] Spectre V1 : Mitigation: usercopy/swapgs barriers and __user pointer sanitization
[    0.351078] Spectre V2 : Spectre mitigation: LFENCE not serializing, switching to generic retpoline
[    0.354314] Spectre V2 : Mitigation: Full generic retpoline
[    0.356749] Spectre V2 : Spectre v2 / SpectreRSB mitigation: Filling RSB on context switch
[    0.366335] Freeing SMP alternatives memory: 36K
[    0.381602] ftrace: allocating 32380 entries in 127 pages
[    0.501801] smpboot: APIC(0) Converting physical 0 to logical package 0
[    0.504200] smpboot: Max logical packages: 1
[    0.506210] x2apic enabled
[    0.507926] Switched APIC routing to physical x2apic.
[    0.511825] ..TIMER: vector=0x30 apic1=0 pin1=2 apic2=-1 pin2=-1
[    0.622371] smpboot: CPU0: AMD Ryzen 7 5700U with Radeon Graphics (family: 0x17, model: 0x68, stepping: 0x1)
[    0.626181] Performance Events: Broken PMU hardware detected, using software events only.
[    0.630447] Failed to access perfctr msr (MSR c0010007 is 0)
[    0.648445] KVM setup paravirtual spinlock
[    0.651748] x86: Booting SMP configuration:
[    0.653602] .... node  #0, CPUs:      #1
[    0.655460] kvm-clock: cpu 1, msr 0:3ffe3041, secondary cpu clock
[    0.664106] mce: CPU supports 0 MCE banks
[    0.668504] x86: Booted up 1 node, 2 CPUs
[    0.670567] smpboot: Total of 2 processors activated (7186.50 BogoMIPS)
[    0.674330] devtmpfs: initialized
[    0.682764] evm: security.selinux
[    0.684208] evm: security.SMACK64
[    0.685690] evm: security.SMACK64EXEC
[    0.687023] evm: security.SMACK64TRANSMUTE
[    0.688528] evm: security.SMACK64MMAP
[    0.689967] evm: security.ima
[    0.691187] evm: security.capability
[    0.694797] clocksource: jiffies: mask: 0xffffffff max_cycles: 0xffffffff, max_idle_ns: 7645041785100000 ns
[    0.699169] futex hash table entries: 512 (order: 3, 32768 bytes)
[    0.702188] pinctrl core: initialized pinctrl subsystem
[    0.704259] RTC time: 14:49:13, date: 10/18/22
[    0.706312] NET: Registered protocol family 16
[    0.718771] cpuidle: using governor ladder
[    0.724470] cpuidle: using governor menu
[    0.726108] PCCT header not found.
[    0.728544] ACPI: bus type PCI registered
[    0.730160] acpiphp: ACPI Hot Plug PCI Controller Driver version: 0.5
[    0.732956] PCI: Using configuration type 1 for base access
[    0.734758] PCI: Using configuration type 1 for extended access
[    0.745588] ACPI: Added _OSI(Module Device)
[    0.747316] ACPI: Added _OSI(Processor Device)
[    0.749037] ACPI: Added _OSI(3.0 _SCP Extensions)
[    0.750705] ACPI: Added _OSI(Processor Aggregator Device)
[    0.753445] ACPI: Executed 1 blocks of module-level executable AML code
[    0.758656] ACPI: Interpreter enabled
[    0.760541] ACPI: (supports S0 S5)
[    0.763381] ACPI: Using IOAPIC for interrupt routing
[    0.766596] PCI: Using host bridge windows from ACPI; if necessary, use "pci=nocrs" and report a bug
[    0.775740] ACPI: PCI Root Bridge [PCI0] (domain 0000 [bus 00-ff])
[    0.777857] acpi PNP0A03:00: _OSC: OS supports [ExtendedConfig ASPM ClockPM Segments MSI]
[    0.783331] acpi PNP0A03:00: _OSC: platform does not support [PCIeCapability]
[    0.786639] acpi PNP0A03:00: _OSC: not requesting control; platform does not support [PCIeCapability]
[    0.790106] acpi PNP0A03:00: _OSC: OS requested [PCIeHotplug PME AER PCIeCapability]
[    0.794534] acpi PNP0A03:00: _OSC: platform willing to grant [PCIeHotplug PME AER]
[    0.798097] acpi PNP0A03:00: _OSC failed (AE_SUPPORT); disabling ASPM
[    0.801362] PCI host bridge to bus 0000:00
[    0.802908] pci_bus 0000:00: root bus resource [io  0x0000-0x0cf7 window]
[    0.805045] pci_bus 0000:00: root bus resource [io  0x0d00-0xffff window]
[    0.807376] pci_bus 0000:00: root bus resource [mem 0x000a0000-0x000bffff window]
[    0.828988] pci_bus 0000:00: root bus resource [mem 0x40000000-0xfdffffff window]
[    0.832809] pci_bus 0000:00: root bus resource [bus 00-ff]
[    0.837925] pci 0000:00:01.1: legacy IDE quirk: reg 0x10: [io  0x01f0-0x01f7]
[    0.840751] pci 0000:00:01.1: legacy IDE quirk: reg 0x14: [io  0x03f6]
[    0.842884] pci 0000:00:01.1: legacy IDE quirk: reg 0x18: [io  0x0170-0x0177]
[    0.845608] pci 0000:00:01.1: legacy IDE quirk: reg 0x1c: [io  0x0376]
[    0.880297] pci 0000:00:07.0: quirk: [io  0x4000-0x403f] claimed by PIIX4 ACPI
[    0.886091] pci 0000:00:07.0: quirk: [io  0x4100-0x410f] claimed by PIIX4 SMB
[    0.903143] ACPI: PCI Interrupt Link [LNKA] (IRQs 5 9 10 *11)
[    0.906790] ACPI: PCI Interrupt Link [LNKB] (IRQs 5 9 *10 11)
[    0.910213] ACPI: PCI Interrupt Link [LNKC] (IRQs 5 *9 10 11)
[    0.914383] ACPI: PCI Interrupt Link [LNKD] (IRQs 5 9 10 *11)
[    0.917294] ACPI: Enabled 2 GPEs in block 00 to 07
[    0.920922] vgaarb: setting as boot device: PCI:0000:00:02.0
[    0.929441] vgaarb: device added: PCI:0000:00:02.0,decodes=io+mem,owns=io+mem,locks=none
[    0.933005] vgaarb: loaded
[    0.934289] vgaarb: bridge control possible 0000:00:02.0
[    0.936736] SCSI subsystem initialized
[    0.938723] ACPI: bus type USB registered
[    0.940407] usbcore: registered new interface driver usbfs
[    0.942430] usbcore: registered new interface driver hub
[    0.944306] usbcore: registered new device driver usb
[    0.947321] PCI: Using ACPI for IRQ routing
[    0.949387] NetLabel: Initializing
[    0.950838] NetLabel:  domain hash size = 128
[    0.952406] NetLabel:  protocols = UNLABELED CIPSOv4
[    0.954740] NetLabel:  unlabeled traffic allowed by default
[    0.957246] amd_nb: Cannot enumerate AMD northbridges
[    0.959085] clocksource: Switched to clocksource kvm-clock
[    0.973558] AppArmor: AppArmor Filesystem Enabled
[    0.975402] pnp: PnP ACPI init
[    0.977849] pnp: PnP ACPI: found 3 devices
[    0.997119] clocksource: acpi_pm: mask: 0xffffff max_cycles: 0xffffff, max_idle_ns: 2085701024 ns
[    1.001063] NET: Registered protocol family 2
[    1.002881] TCP established hash table entries: 8192 (order: 4, 65536 bytes)
[    1.005281] TCP bind hash table entries: 8192 (order: 5, 131072 bytes)
[    1.007576] TCP: Hash tables configured (established 8192 bind 8192)
[    1.009763] UDP hash table entries: 512 (order: 2, 16384 bytes)
[    1.012030] UDP-Lite hash table entries: 512 (order: 2, 16384 bytes)
[    1.014230] NET: Registered protocol family 1
[    1.015894] pci 0000:00:00.0: Limiting direct PCI/PCI transfers
[    1.017902] pci 0000:00:01.0: Activating ISA DMA hang workarounds
[    1.020261] Unpacking initramfs...
[    1.439894] Freeing initrd memory: 14888K
[    1.441929] clocksource: tsc: mask: 0xffffffffffffffff max_cycles: 0x19e5b66a75d, max_idle_ns: 440795268065 ns
[    1.445882] platform rtc_cmos: registered platform RTC device (no PNP device found)
[    1.448995] Scanning for low memory corruption every 60 seconds
[    1.451917] audit: initializing netlink subsys (disabled)
[    1.453803] audit: type=2000 audit(1666104559.722:1): initialized
[    1.456230] Initialise system trusted keyring
[    1.458495] HugeTLB registered 2 MB page size, pre-allocated 0 pages
[    1.464101] zbud: loaded
[    1.466588] VFS: Disk quotas dquot_6.6.0
[    1.468982] VFS: Dquot-cache hash table entries: 512 (order 0, 4096 bytes)
[    1.472325] squashfs: version 4.0 (2009/01/31) Phillip Lougher
[    1.475317] fuse init (API version 7.23)
[    1.480398] Key type big_key registered
[    1.482465] Allocating IMA MOK and blacklist keyrings.
[    1.488037] Key type asymmetric registered
[    1.489853] Asymmetric key parser 'x509' registered
[    1.491819] Block layer SCSI generic (bsg) driver version 0.4 loaded (major 249)
[    1.496619] io scheduler noop registered
[    1.498466] io scheduler deadline registered (default)
[    1.501408] io scheduler cfq registered
[    1.503560] pci_hotplug: PCI Hot Plug PCI Core version: 0.5
[    1.505859] pciehp: PCI Express Hot Plug Controller Driver version: 0.4
[    1.508802] ACPI: AC Adapter [AC] (off-line)
[    1.510803] input: Power Button as /devices/LNXSYSTM:00/LNXPWRBN:00/input/input0
[    1.515313] ACPI: Power Button [PWRF]
[    1.517021] input: Sleep Button as /devices/LNXSYSTM:00/LNXSLPBN:00/input/input1
[    1.519839] ACPI: Sleep Button [SLPF]
[    1.521691] GHES: HEST is not enabled!
[    1.522774] ACPI: Battery Slot [BAT0] (battery present)
[    1.525707] Serial: 8250/16550 driver, 32 ports, IRQ sharing enabled
[    1.550798] 00:02: ttyS0 at I/O 0x3f8 (irq = 4, base_baud = 115200) is a 16550A
[    1.560291] Linux agpgart interface v0.103
[    1.568615] loop: module loaded
[    1.570931] scsi host0: ata_piix
[    1.572714] scsi host1: ata_piix
[    1.574583] ata1: PATA max UDMA/33 cmd 0x1f0 ctl 0x3f6 bmdma 0xd000 irq 14
[    1.577708] ata2: PATA max UDMA/33 cmd 0x170 ctl 0x376 bmdma 0xd008 irq 15
[    1.581229] libphy: Fixed MDIO Bus: probed
[    1.582749] tun: Universal TUN/TAP device driver, 1.6
[    1.585259] tun: (C) 1999-2004 Max Krasnyansky <maxk@qualcomm.com>
[    1.587578] PPP generic driver version 2.4.2
[    1.589440] ehci_hcd: USB 2.0 'Enhanced' Host Controller (EHCI) Driver
[    1.591667] ehci-pci: EHCI PCI platform driver
[    1.593567] ehci-platform: EHCI generic platform driver
[    1.596029] ohci_hcd: USB 1.1 'Open' Host Controller (OHCI) Driver
[    1.598768] ohci-pci: OHCI PCI platform driver
[    1.600629] ohci-platform: OHCI generic platform driver
[    1.603139] uhci_hcd: USB Universal Host Controller Interface driver
[    1.605349] i8042: PNP: PS/2 Controller [PNP0303:PS2K,PNP0f03:PS2M] at 0x60,0x64 irq 1,12
[    1.608942] serio: i8042 KBD port at 0x60,0x64 irq 1
[    1.611252] serio: i8042 AUX port at 0x60,0x64 irq 12
[    1.613918] mousedev: PS/2 mouse device common for all mice
[    1.617406] rtc_cmos rtc_cmos: rtc core: registered rtc_cmos as rtc0
[    1.620593] input: AT Translated Set 2 keyboard as /devices/platform/i8042/serio0/input/input2
[    1.623650] rtc_cmos rtc_cmos: alarms up to one day, 114 bytes nvram
[    1.626034] i2c /dev entries driver
[    1.628489] device-mapper: uevent: version 1.0.3
[    1.631179] device-mapper: ioctl: 4.34.0-ioctl (2015-10-28) initialised: dm-devel@redhat.com
[    1.634622] ledtrig-cpu: registered to indicate activity on CPUs
[    1.638910] NET: Registered protocol family 10
[    1.641255] NET: Registered protocol family 17
[    1.642901] Key type dns_resolver registered
[    1.646406] registered taskstats version 1
[    1.647983] Loading compiled-in X.509 certificates
[    1.650534] Loaded X.509 cert 'Build time autogenerated kernel key: cf00e047681d67edb2720680708b7d9498083038'
[    1.654552] zswap: loaded using pool lzo/zbud
[    1.660815] Key type trusted registered
[    1.669230] Key type encrypted registered
[    1.671226] AppArmor: AppArmor sha1 policy hashing enabled
[    1.673751] ima: No TPM chip found, activating TPM-bypass!
[    1.675703] ima: Allocated hash algorithm: sha1
[    1.677308] evm: HMAC attrs: 0x1
[    1.679870]   Magic number: 10:649:839
[    1.682162] rtc_cmos rtc_cmos: setting system clock to 2022-10-18 14:49:14 UTC (1666104554)
[    1.685671] BIOS EDD facility v0.16 2004-Jun-25, 0 devices found
[    1.687800] EDD information not available.
[    1.766080] Freeing unused kernel memory: 1492K
[    1.768278] Write protecting the kernel read-only data: 14336k
[    1.772027] Freeing unused kernel memory: 1584K
[    1.774652] Freeing unused kernel memory: 52K
Loading, please wait...
starting version 229
[    1.807851] random: systemd-udevd: uninitialized urandom read (16 bytes read, 5 bits of entropy available)
[    1.809408] random: udevadm: uninitialized urandom read (16 bytes read, 5 bits of entropy available)
[    1.809441] random: udevadm: uninitialized urandom read (16 bytes read, 5 bits of entropy available)
[    1.822706] random: systemd-udevd: uninitialized urandom read (16 bytes read, 5 bits of entropy available)
[    1.825090] random: udevadm: uninitialized urandom read (16 bytes read, 5 bits of entropy available)
[    1.825156] random: udevadm: uninitialized urandom read (16 bytes read, 5 bits of entropy available)
[    1.825350] random: udevadm: uninitialized urandom read (16 bytes read, 5 bits of entropy available)
[    1.825418] random: udevadm: uninitialized urandom read (16 bytes read, 5 bits of entropy available)
[    1.825489] random: udevadm: uninitialized urandom read (16 bytes read, 5 bits of entropy available)
[    1.825559] random: udevadm: uninitialized urandom read (16 bytes read, 5 bits of entropy available)
[    1.938515] Fusion MPT base driver 3.04.20
[    1.940633] Copyright (c) 1999-2008 LSI Corporation
[    1.973376] e1000: Intel(R) PRO/1000 Network Driver - version 7.3.21-k8-NAPI
[    1.976242] e1000: Copyright (c) 1999-2006 Intel Corporation.
[    1.978821] Fusion MPT SPI Host driver 3.04.20
[    1.984590] AVX2 version of gcm_enc/dec engaged.
[    1.986486] AES CTR mode by8 optimization enabled
[    2.238449] input: ImExPS/2 Generic Explorer Mouse as /devices/platform/i8042/serio1/input/input4
[    2.464332] e1000 0000:00:03.0 eth0: (PCI:33MHz:32-bit) 02:be:82:6b:cc:1d
[    2.466678] e1000 0000:00:03.0 eth0: Intel(R) PRO/1000 Network Connection
[    2.470696] mptbase: ioc0: Initiating bringup
[    2.471591] e1000 0000:00:03.0 enp0s3: renamed from eth0
[    2.540140] ioc0: LSI53C1030 A0: Capabilities={Initiator}
[    2.707262] scsi host2: ioc0: LSI53C1030 A0, FwRev=00000000h, Ports=1, MaxQ=256, IRQ=20
[    2.824387] scsi 2:0:0:0: Direct-Access     VBOX     HARDDISK         1.0  PQ: 0 ANSI: 5
[    2.827474] scsi target2:0:0: Beginning Domain Validation
[    2.832750] scsi target2:0:0: Domain Validation skipping write tests
[    2.853669] scsi target2:0:0: Ending Domain Validation
[    2.855828] scsi target2:0:0: asynchronous
[    2.858981] scsi 2:0:1:0: Direct-Access     VBOX     HARDDISK         1.0  PQ: 0 ANSI: 5
[    2.862359] scsi target2:0:1: Beginning Domain Validation
[    2.866835] scsi target2:0:1: Domain Validation skipping write tests
[    2.869005] scsi target2:0:1: Ending Domain Validation
[    2.871182] scsi target2:0:1: asynchronous
[    2.891026] sd 2:0:0:0: [sda] 83886080 512-byte logical blocks: (42.9 GB/40.0 GiB)
[    2.894585] sd 2:0:0:0: Attached scsi generic sg0 type 0
[    2.897113] sd 2:0:0:0: [sda] Write Protect is off
[    2.900370] sd 2:0:1:0: Attached scsi generic sg1 type 0
[    2.900499] sd 2:0:0:0: [sda] Incomplete mode parameter data
[    2.900501] sd 2:0:0:0: [sda] Assuming drive cache: write through
[    2.902387] sd 2:0:1:0: [sdb] 20480 512-byte logical blocks: (10.5 MB/10.0 MiB)
[    2.910423] sd 2:0:1:0: [sdb] Write Protect is off
[    2.913087]  sda: sda1
[    2.915235] sd 2:0:1:0: [sdb] Incomplete mode parameter data
[    2.916433] sd 2:0:0:0: [sda] Attached SCSI disk
[    2.919127] sd 2:0:1:0: [sdb] Assuming drive cache: write through
[    2.926572] sd 2:0:1:0: [sdb] Attached SCSI disk
Begin: Loading essential drivers ... [    4.700880] md: linear personality registered for level -1
[    4.706291] md: multipath personality registered for level -4
[    4.712798] md: raid0 personality registered for level 0
[    4.721986] md: raid1 personality registered for level 1
[    4.795922] raid6: sse2x1   gen()  3325 MB/s
[    4.864152] raid6: sse2x1   xor()  3228 MB/s
[    4.931616] raid6: sse2x2   gen()  7083 MB/s
[    5.000951] raid6: sse2x2   xor()  4871 MB/s
[    5.067437] raid6: sse2x4   gen()  7379 MB/s
[    5.136776] raid6: sse2x4   xor()  4175 MB/s
[    5.203244] raid6: avx2x1   gen()  7394 MB/s
[    5.271198] raid6: avx2x2   gen() 10940 MB/s
[    5.339746] raid6: avx2x4   gen() 12258 MB/s
[    5.341573] raid6: using algorithm avx2x4 gen() 12258 MB/s
[    5.343476] raid6: using avx2x2 recovery algorithm
[    5.349065] xor: automatically using best checksumming function:
[    5.391432]    avx       :  6505.000 MB/sec
[    5.395462] async_tx: api initialized (async)
[    5.423750] md: raid6 personality registered for level 6
[    5.426000] md: raid5 personality registered for level 5
[    5.428386] md: raid4 personality registered for level 4
[    5.440180] md: raid10 personality registered for level 10
done.
Begin: Running /scripts/init-premount ... done.
Begin: Mounting root file system ... Begin: Running /scripts/local-top ... done.
Begin: Running /scripts/local-premount ... [    5.502795] Btrfs loaded
Scanning for Btrfs filesystems
done.
Warning: fsck not present, so skipping root file system
[    5.571173] EXT4-fs (sda1): mounted filesystem with ordered data mode. Opts: (null)
done.
Begin: Running /scripts/local-bottom ... done.
Begin: Running /scripts/init-bottom ... done.
[    5.755905] systemd[1]: systemd 229 running in system mode. (+PAM +AUDIT +SELINUX +IMA +APPARMOR +SMACK +SYSVINIT +UTMP +LIBCRYPTSETUP +GCRYPT +GNUTLS +ACL +XZ -LZ4 +SECCOMP +BLKID +ELFUTILS +KMOD -IDN)
[    5.762705] systemd[1]: Detected virtualization oracle.
[    5.765037] systemd[1]: Detected architecture x86-64.

Welcome to [1mUbuntu 16.04.7 LTS[0m!

[    5.771421] systemd[1]: Set hostname to <ubuntu>.
[    5.776501] systemd[1]: Initializing machine ID from random generator.
[    5.779798] systemd[1]: Installed transient /etc/machine-id file.
[    6.036625] systemd[1]: Listening on /dev/initctl Compatibility Named Pipe.
[[0;32m  OK  [0m] Listening on /dev/initctl Compatibility Named Pipe.
[    6.041904] systemd[1]: Created slice System Slice.
[[0;32m  OK  [0m] Created slice System Slice.
[    6.046058] systemd[1]: Created slice system-serial\x2dgetty.slice.
[[0;32m  OK  [0m] Created slice system-serial\x2dgetty.slice.
[    6.051381] systemd[1]: Listening on Journal Socket (/dev/log).
[[0;32m  OK  [0m] Listening on Journal Socket (/dev/log).
[    6.055961] systemd[1]: Started Forward Password Requests to Wall Directory Watch.
[[0;32m  OK  [0m] Started Forward Password Requests to Wall Directory Watch.
[    6.062050] systemd[1]: Listening on Journal Socket.
[[0;32m  OK  [0m] Listening on Journal Socket.
[    6.084183] systemd[1]: Starting Uncomplicated firewall...
         Starting Uncomplicated firewall...
[    6.090951] systemd[1]: Starting Set console keymap...
         Starting Set console keymap...
[    6.096092] systemd[1]: Starting Create list of required static device nodes for the current kernel...
         Starting Create list of required st... nodes for the current kernel...
[    6.104966] systemd[1]: Mounting Huge Pages File System...
         Mounting Huge Pages File System...
[    6.112944] systemd[1]: Starting Load Kernel Modules...
         Starting Load Kernel Modules...
[    6.122791] systemd[1]: Mounting POSIX Message Queue File System...
         Mounting POSIX Message Queue File System...
[    6.127751] systemd[1]: Reached target User and Group Name Lookups.
[[0;32m  OK  [0m] Reached target User and Group Name Lookups.
[    6.133551] systemd[1]: Set up automount Arbitrary Executable File Formats File System Automount Point.
[[0;32m  OK  [0m] Set up automount Arbitrary Executab...ats File System Automount Point.
[    6.143205] systemd[1]: Mounting Debug File System...
         Mounting Debug File System...
[    6.147346] systemd[1]: Listening on udev Kernel Socket.
[[0;32m  OK  [0m] Listening on udev Kernel Socket.
[    6.153169] systemd[1]: Listening on LVM2 metadata daemon socket.
[[0;32m  OK  [0m] Listening on LVM2 metadata daemon socket.
[    6.158362] systemd[1]: Listening on fsck to fsckd communication Socket.
[[0;32m  OK  [0m] Listening on fsck to fsckd communication Socket.
[    6.165551] systemd[1]: Starting File System Check on Root Device...
         Starting File System Check on Root Device...
[    6.172767] Loading iSCSI transport class v2.0-870.
[    6.183679] systemd[1]: Listening on udev Control Socket.
[[0;32m  OK  [0m] Listening on udev Control Socket.
[    6.186886] systemd[1]: Reached target Encrypted Volumes.
[[0;32m  OK  [0m] Reached target Encrypted Volumes.
[    6.191250] systemd[1]: Listening on LVM2 poll daemon socket.
[[0;32m  OK  [0m] Listening on LVM2 poll daemon socket.
[    6.196403] systemd[1]: Listening on Syslog Socket.
[[0;32m  OK  [0m] Listening on Syslog Socket.
[    6.201869] iscsi: registered transport (tcp)
[    6.203549] systemd[1]: Listening on Device-mapper event daemon FIFOs.
[[0;32m  OK  [0m] Listening on Device-mapper event daemon FIFOs.
[    6.227474] systemd[1]: Starting Monitoring of LVM2 mirrors, snapshots etc. using dmeventd or progress polling...
         Starting Monitoring of LVM2 mirrors... dmeventd or progress polling...
[    6.244521] systemd[1]: Reached target System Time Synchronized.
[[0;32m  OK  [0m] Reached target System Time Synchronized.
[    6.248549] systemd[1]: Started Trigger resolvconf update for networkd DNS.
[[0;32m  OK  [0m] Started Trigger resolvconf update for networkd DNS.
[    6.252544] systemd[1]: Reached target Swap.
[[0;32m  OK  [0m] Reached target Swap.
[    6.255591] systemd[1]: Listening on Journal Audit Socket.
[[0;32m  OK  [0m] Listening on Journal Audit Socket.
[    6.277002] iscsi: registered transport (iser)
[    6.287416] systemd[1]: Starting Journal Service...
         Starting Journal Service...
[    6.290657] systemd[1]: Created slice User and Session Slice.
[[0;32m  OK  [0m] Created slice User and Session Slice.
[    6.303757] systemd[1]: Reached target Slices.
[[0;32m  OK  [0m] Reached target Slices.
[    6.307551] systemd[1]: Starting Nameserver information manager...
         Starting Nameserver information manager...
[    6.313894] systemd[1]: Mounted Huge Pages File System.
[[0;32m  OK  [0m] Mounted Huge Pages File System.
[    6.317627] systemd[1]: Mounted POSIX Message Queue File System.
[[0;32m  OK  [0m] Mounted POSIX Message Queue File System.
[    6.321341] systemd[1]: Mounted Debug File System.
[[0;32m  OK  [0m] Mounted Debug File System.
[    6.325221] systemd[1]: Started Journal Service.
[[0;32m  OK  [0m] Started Journal Service.
[[0;32m  OK  [0m] Started Uncomplicated firewall.
[[0;32m  OK  [0m] Started Set console keymap.
[[0;32m  OK  [0m] Started Create list of required sta...ce nodes for the current kernel.
[[0;32m  OK  [0m] Started Load Kernel Modules.
[[0;32m  OK  [0m] Started File System Check on Root Device.
[[0;32m  OK  [0m] Started Nameserver information manager.
[[0;32m  OK  [0m] Started File System Check Daemon to report status.
[[0;32m  OK  [0m] Started LVM2 metadata daemon.
         Starting Remount Root and Kernel File Systems...
         Starting Apply Kernel Variables...
         Mounting FUSE Control File System...
         Starting Create Static Device Nodes in /dev...
[[0;32m  OK  [0m] Mounted FUSE[    6.390778] EXT4-fs (sda1): re-mounted. Opts: (null)
 Control File System.
[[0;32m  OK  [0m] Started Remount Root and Kernel File Systems.
         Starting udev Coldplug all Devices...
         Starting Flush Journal to Persistent Storage...
[    6.409188] random: nonblocking pool is initialized
         Starting Load/Save Random Seed...
[[0;32m  OK  [0m] Started Apply Kernel Variables.
[[0;32m  OK  [0m] Started Load/Save Random Seed.
[[0;32m  OK  [0m] Started Flush Journal to Persistent Storage.
[[0;32m  OK  [0m] Started Create Static Device Nodes in /dev.
         Starting udev Kernel Device Manager...
[[0;32m  OK  [0m] Started udev Coldplug all Devices.
[[0;32m  OK  [0m] Started udev Kernel Device Manager.
[[0;32m  OK  [0m] Started Dispatch Password Requests to Console Directory Watch.
[[0;32m  OK  [0m] Started Monitoring of LVM2 mirrors,...ng dmeventd or progress polling.
[[0;32m  OK  [0m] Reached target Local File Systems (Pre).
[[0;32m  OK  [0m] Reached target Local File Systems.
         Starting LSB: AppArmor initialization...
         Starting Tell Plymouth To Write Out Runtime Data...
         Starting Set console font and keymap...
         Starting Commit a transient machine-id on disk...
         Starting Initial cloud-init job (pre-networking)...
         Starting Create Volatile Files and Directories...
[[0;32m  OK  [0m] Started Create Volatile Files and Directories.
         Starting Update UTMP about System Boot/Shutdown...
[[0;32m  OK  [0m] Started Tell Plymouth To Write Out Runtime Data.
[[0;32m  OK  [0m] Started Update UTMP about System Boot/Shutdown.
[[0;32m  OK  [0m] Started Commit a transient machine-id on disk.
[[0;32m  OK  [0m] Found device /dev/ttyS0.
[[0;32m  OK  [0m] Listening on Load/Save RF Kill Switch Status /dev/rfkill Watch.
[    9.208322] cloud-init[504]: Cloud-init v. 21.1-19-gbad84ad4-0ubuntu1~16.04.2 running 'init-local' at Tue, 18 Oct 2022 14:49:21 +0000. Up 8.24 seconds.
[[0;32m  OK  [0m] Started Initial cloud-init job (pre-networking).
[[0;32m  OK  [0m] Started Set console font and keymap.
[[0;32m  OK  [0m] Created slice system-getty.slice.
[[0;32m  OK  [0m] Reached target Network (Pre).
[[0;32m  OK  [0m] Started LSB: AppArmor initialization.
         Starting Load AppArmor profiles managed internally by snapd...
         Starting Raise network interfaces...
[[0;32m  OK  [0m] Started Load AppArmor profiles managed internally by snapd.
[[0;32m  OK  [0m] Started Raise network interfaces.
[[0;32m  OK  [0m] Reached target Network.
         Starting Initial cloud-init job (metadata service crawler)...
[   12.316184] cloud-init[946]: Cloud-init v. 21.1-19-gbad84ad4-0ubuntu1~16.04.2 running 'init' at Tue, 18 Oct 2022 14:49:24 +0000. Up 11.23 seconds.
[   12.319657] cloud-init[946]: ci-info: ++++++++++++++++++++++++++++++++++++++Net device info++++++++++++++++++++++++++++++++++++++
[   12.323666] cloud-init[946]: ci-info: +--------+------+----------------------------+---------------+--------+-------------------+
[   12.326876] cloud-init[946]: ci-info: | Device |  Up  |          Address           |      Mask     | Scope  |     Hw-Address    |
[   12.329617] cloud-init[946]: ci-info: +--------+------+----------------------------+---------------+--------+-------------------+
[   12.332376] cloud-init[946]: ci-info: | enp0s3 | True |         10.0.2.15          | 255.255.255.0 | global | 02:be:82:6b:cc:1d |
[   12.335434] cloud-init[946]: ci-info: | enp0s3 | True | fe80::be:82ff:fe6b:cc1d/64 |       .       |  link  | 02:be:82:6b:cc:1d |
[   12.345198] cloud-init[946]: ci-info: |   lo   | True |         127.0.0.1          |   255.0.0.0   |  host  |         .         |
[   12.357407] cloud-init[946]: ci-info: |   lo   | True |          ::1/128           |       .       |  host  |         .         |
[   12.360625] cloud-init[946]: ci-info: +--------+------+----------------------------+---------------+--------+-------------------+
[   12.363393] cloud-init[946]: ci-info: +++++++++++++++++++++++++++Route IPv4 info++++++++++++++++++++++++++++
[   12.368798] cloud-init[946]: ci-info: +-------+-------------+----------+---------------+-----------+-------+
[   12.370800] cloud-init[946]: ci-info: | Route | Destination | Gateway  |    Genmask    | Interface | Flags |
[   12.373171] cloud-init[946]: ci-info: +-------+-------------+----------+---------------+-----------+-------+
[   12.381386] cloud-init[946]: ci-info: |   0   |   0.0.0.0   | 10.0.2.2 |    0.0.0.0    |   enp0s3  |   UG  |
[   12.389342] cloud-init[946]: ci-info: |   1   |   10.0.2.0  | 0.0.0.0  | 255.255.255.0 |   enp0s3  |   U   |
[   12.391932] cloud-init[946]: ci-info: +-------+-------------+----------+---------------+-----------+-------+
[   12.401332] cloud-init[946]: ci-info: +++++++++++++++++++Route IPv6 info+++++++++++++++++++
[   12.404920] cloud-init[946]: ci-info: +-------+-------------+---------+-----------+-------+
[   12.407689] cloud-init[946]: ci-info: | Route | Destination | Gateway | Interface | Flags |
[   12.410516] cloud-init[946]: ci-info: +-------+-------------+---------+-----------+-------+
[   12.413310] cloud-init[946]: ci-info: |   0   |  fe80::/64  |    ::   |   enp0s3  |   U   |
[   12.420948] cloud-init[946]: ci-info: |   3   |   ff00::/8  |    ::   |   enp0s3  |   U   |
[   12.423651] cloud-init[946]: ci-info: +-------+-------------+---------+-----------+-------+
[   12.425376] cloud-init[946]: Generating public/private rsa key pair.
[   12.426930] cloud-init[946]: Your identification has been saved in /etc/ssh/ssh_host_rsa_key.
[   12.428600] cloud-init[946]: Your public key has been saved in /etc/ssh/ssh_host_rsa_key.pub.
[   12.431133] cloud-init[946]: The key fingerprint is:
[   12.432773] cloud-init[946]: SHA256:zd2earKzyxhoj/8USbVUjTlYX1gomBmrZGWqNm167mA root@ubuntu-xenial
[   12.435266] cloud-init[946]: The key's randomart image is:
[   12.445138] cloud-init[946]: +---[RSA 2048]----+
[   12.446939] cloud-init[946]: |          +=o+oBo|
[   12.448683] cloud-init[946]: |         +++o.*.o|
[   12.450256] cloud-init[946]: |        + o .. ..|
[   12.451920] cloud-init[946]: |       = = o .   |
[   12.461151] cloud-init[946]: |      + S = . .  |
[   12.469608] cloud-init[946]: |     . =   . . . |
[   12.477486] cloud-init[946]: |      E o .   o  |
[   12.479107] cloud-init[946]: |     o * =o ..   |
[   12.480823] cloud-init[946]: |      .o*.*B.    |
[   12.482534] cloud-init[946]: +----[SHA256]-----+
[   12.483767] cloud-init[946]: Generating public/private dsa key pair.
[   12.485705] cloud-init[946]: Your identification has been saved in /etc/ssh/ssh_host_dsa_key.
[   12.488091] cloud-init[946]: Your public key has been saved in /etc/ssh/ssh_host_dsa_key.pub.
[   12.490100] cloud-init[946]: The key fingerprint is:
[   12.496799] cloud-init[946]: SHA256:XuOfGOrm2slFHdzjdPBIC2LceSWfjcru9n/n7G+JVfQ root@ubuntu-xenial
[   12.498621] cloud-init[946]: The key's randomart image is:
[   12.500390] cloud-init[946]: +---[DSA 1024]----+
[   12.501787] cloud-init[946]: |         .o...+..|
[   12.508620] cloud-init[946]: |         ..oo+.O+|
[   12.509951] cloud-init[946]: |            o.Bo*|
[   12.511521] cloud-init[946]: |           o = oE|
[   12.512966] cloud-init[946]: |        S + + . .|
[   12.521321] cloud-init[946]: |       . + o   . |
[   12.522708] cloud-init[946]: |        . + . o .|
[   12.524135] cloud-init[946]: |       o.+ =.o o+|
[   12.525864] cloud-init[946]: |      .=B ..+..=X|
[   12.527161] cloud-init[946]: +----[SHA256]-----+
[   12.529228] cloud-init[946]: Generating public/private ecdsa key pair.
[[0;32m  OK  [0m] Started Initial cloud-init job (metadata service crawler).
[[0;32m  OK  [0m] Reached target Network is Online.
[   12.529560] cloud-init[946]: Your identification has been saved in /etc/ssh/ssh_host_ecdsa_key.
[   12.542676] cloud-init[946]: Your public key has been saved in /etc/ssh/ssh_host_ecdsa_key.pub.
[   12.544854] cloud-init[946]: The key fingerprint is:
[   12.553667] cloud-init[946]: SHA256:2Fqky5oTIE/VYiaKnpMkJnP2rFAb0lzbGyd8ZxrLGXg root@ubuntu-xenial
[   12.555972] cloud-init[946]:          Starting iSCSI initiator daemon (iscsid)...
[[0;32m  OK  [0m] Reached target Cloud-config availability.The key's randomart image is:
[   12.559629] cloud-init[946]: +---[ECDSA 256]---+
[   12.560750] cloud-init[946]: |     .           |
[   12.561132] cloud-init[946]: |  . * .          |
[   12.561412] cloud-init[946]: |.+ * = ..        |
[   12.561802] cloud-init[946]: |OoX . *=E o      |
[   12.562029] cloud-init[946]: |*Xo*  oOSO       |
[   12.562103] cloud-init[946]: |.=o +..+=        |
[   12.562271] cloud-init[946]: | ... .+          |
[   12.562421] cloud-init[946]: |  . .o           |
[   12.562745] cloud-init[946]: |    o.           |
[   12.563053] cloud-init[946]: +----[SHA256]-----+
[   12.563349] cloud-init[946]: Generating public/private ed25519 key pair.
[   12.563507] cloud-init[946]: Your identification has been saved in /etc/ssh/ssh_host_ed25519_key.

[   12.563964] cloud-init[946]: Your public key has been saved in /etc/ssh/ssh_host_ed25519_key.pub.
[   12.564147] cloud-init[946]: The key fingerprint is:
[   12.564390] cloud-init[946]: SHA256:cyOcdGriGIcoIHzauGBa2ab29WN+x51jmqx6KWL8004 root@ubuntu-xenial
[   12.564543] cloud-init[946]: The key's randomart image is:
[   12.565314] cloud-init[946]: +--[ED25519 256]--+
[   12.565418] cloud-init[946]: |                 |
[   12.565919] cloud-init[946]: |.                |
[   12.566034] cloud-init[946]: |o. .    . .      |
[   12.566362] cloud-init[946]: |o =+ . o +       |
[   12.566532] cloud-init[946]: |o++.= o S o      |
[   12.566861] cloud-init[946]: |+o.o = o + .     |
[   12.567054] cloud-init[946]: |..o ..o  .Eo . . |
[   12.567198] cloud-init[946]: | . . .+.=.=.o.=  |
[   12.567833] cloud-init[946]: |    .. ==Ooo+o . |
[   12.568120] cloud-init[946]: +----[SHA256]-----+
[[0;32m  OK  [0m] Reached target System Initialization.
         Starting LXD - unix socket.
[[0;32m  OK  [0m] Listening on UUID daemon activation socket.
         Starting Socket activation for snappy daemon.
[[0;32m  OK  [0m] Listening on D-Bus System Message Bus Socket.
[[0;32m  OK  [0m] Started Ubuntu Advantage update messaging.
[[0;32m  OK  [0m] Started Daily apt download activities.
[[0;32m  OK  [0m] Started Daily apt upgrade and clean activities.
[[0;32m  OK  [0m] Listening on ACPID Listen Socket.
[[0;32m  OK  [0m] Started Daily Cleanup of Temporary Directories.
[[0;32m  OK  [0m] Started ACPI Events Check.
[[0;32m  OK  [0m] Reached target Paths.
[[0;32m  OK  [0m] Started Message of the Day.
[[0;32m  OK  [0m] Reached target Timers.
[[0;32m  OK  [0m] Listening on LXD - unix socket.
[[0;32m  OK  [0m] Listening on Socket activation for snappy daemon.
[[0;32m  OK  [0m] Reached target Sockets.
[[0;32m  OK  [0m] Reached target Basic System.
         Starting Pollinate to seed the pseudo random number generator...
[[0;32m  OK  [0m] Started FUSE filesystem for LXC.
         Starting LSB: Record successful boot for GRUB...
         Starting LSB: MD monitoring daemon...
         Starting System Logging Service...
[[0;32m  OK  [0m] Started Regular background program processing daemon.
[[0;32m  OK  [0m] Started Deferred execution scheduler.
         Starting Virtualbox guest utils...
         Starting /etc/rc.local Compatibility...
         Starting LXD - container startup/shutdown...
[[0;32m  OK  [0m] Started ACPI event daemon.
[[0;32m  OK  [0m] Started D-Bus System Message Bus.
         Starting Snap Daemon...
         Starting Login Service...
         Starting Accounts Service...
[[0;32m  OK  [0m] Started System Logging Service.
[[0;32m  OK  [0m] Started iSCSI initiator daemon (iscsid).
[[0;32m  OK  [0m] Started /etc/rc.local Compatibility.
[[0;32m  OK  [0m] Started Login Service.
[[0;32m  OK  [0m] Started Unattended Upgrades Shutdown.
         Starting Login to default iSCSI targets...
[[0;32m  OK  [0m] Started LSB: Record successful boot for GRUB.
[[0;32m  OK  [0m] Started LSB: MD monitoring daemon.
[[0;32m  OK  [0m] Started Login to default iSCSI targets.
[[0;32m  OK  [0m] Reached target Remote File Systems (Pre).
[[0;32m  OK  [0m] Reached target Remote File Systems.
         Starting LSB: automatic crash report generation...
         Starting Permit User Sessions...
         Starting LSB: daemon to balance interrupts for SMP systems...
         Starting LSB: Set the CPU Frequency Scaling governor to "ondemand"...
[[0;32m  OK  [0m] Started LXD - container startup/shutdown.
[[0;32m  OK  [0m] Started Permit User Sessions.
         Starting Terminate Plymouth Boot Screen...
         Starting Hold until boot process finishes up...
[[0;32m  OK  [0m] Started Terminate Plymouth Boot Screen.
[[0;32m  OK  [0m] Started Hold until boot process finishes up.
         Starting Authenticate and Authorize Users to Run Privileged Tasks...
[[0;32m  OK  [0m] Started Getty on tty1.
         Starting Set console scheme...
[[0;32m  OK  [0m] Started Serial Getty on ttyS0.
[[0;32m  OK  [0m] Reached target Login Prompts.
[[0;32m  OK  [0m] Started LSB: daemon to balance interrupts for SMP systems.
[[0;32m  OK  [0m] Started LSB: Set the CPU Frequency Scaling governor to "ondemand".
[[0;32m  OK  [0m] Started Set console scheme.
[[0;32m  OK  [0m] Started LSB: automatic crash report generation.
[[0;32m  OK  [0m] Started Authenticate and Authorize Users to Run Privileged Tasks.
[[0;32m  OK  [0m] Started Virtualbox guest utils.
[[0;32m  OK  [0m] Started Accounts Service.
[[0;32m  OK  [0m] Started Pollinate to seed the pseudo random number generator.
         Starting OpenBSD Secure Shell server...
[[0;32m  OK  [0m] Started OpenBSD Secure Shell server.
[[0;32m  OK  [0m] Started Snap Daemon.
         Starting Wait until snapd is fully seeded...
[[0;32m  OK  [0m] Created slice User Slice of vagrant.
         Starting User Manager for UID 1000...
[[0;32m  OK  [0m] Started Session 1 of user vagrant.
[[0;32m  OK  [0m] Started User Manager for UID 1000.
[[0;32m  OK  [0m] Started Wait until snapd is fully seeded.
         Starting Apply the settings specified in cloud-config...
[[0;32m  OK  [0m] Reached target Multi-User System.
[[0;32m  OK  [0m] Reached target Graphical Interface.
         Starting Update UTMP about System Runlevel Changes...
[[0;32m  OK  [0m] Started Update UTMP about System Runlevel Changes.
[   16.441083] cloud-init[1378]: Generating locales (this might take a while)...
[   18.653254] cloud-init[1378]:   en_US.UTF-8... done
[   18.654314] cloud-init[1378]: Generation complete.

Ubuntu 16.04.7 LTS ubuntu-xenial ttyS0

ubuntu-xenial login: [   19.515334] cloud-init[1378]: Cloud-init v. 21.1-19-gbad84ad4-0ubuntu1~16.04.2 running 'modules:config' at Tue, 18 Oct 2022 14:49:29 +0000. Up 16.08 seconds.
ci-info: no authorized SSH keys fingerprints found for user ubuntu.
<14>Oct 18 14:49:34 ec2: 
<14>Oct 18 14:49:34 ec2: #############################################################
<14>Oct 18 14:49:34 ec2: -----BEGIN SSH HOST KEY FINGERPRINTS-----
<14>Oct 18 14:49:34 ec2: 1024 SHA256:XuOfGOrm2slFHdzjdPBIC2LceSWfjcru9n/n7G+JVfQ root@ubuntu-xenial (DSA)
<14>Oct 18 14:49:34 ec2: 256 SHA256:2Fqky5oTIE/VYiaKnpMkJnP2rFAb0lzbGyd8ZxrLGXg root@ubuntu-xenial (ECDSA)
<14>Oct 18 14:49:34 ec2: 256 SHA256:cyOcdGriGIcoIHzauGBa2ab29WN+x51jmqx6KWL8004 root@ubuntu-xenial (ED25519)
<14>Oct 18 14:49:34 ec2: 2048 SHA256:zd2earKzyxhoj/8USbVUjTlYX1gomBmrZGWqNm167mA root@ubuntu-xenial (RSA)
<14>Oct 18 14:49:34 ec2: -----END SSH HOST KEY FINGERPRINTS-----
<14>Oct 18 14:49:34 ec2: #############################################################
-----BEGIN SSH HOST KEY KEYS-----
ecdsa-sha2-nistp256 AAAAE2VjZHNhLXNoYTItbmlzdHAyNTYAAAAIbmlzdHAyNTYAAABBBIddpm2mscRoFqfZdUEv7gOG8SmzImngikOFpbZUZe99HkJTCa5kw7dnLpCBQM9oqHRzTptSsvvJdlWz/kH2Kq0= root@ubuntu-xenial
ssh-ed25519 AAAAC3NzaC1lZDI1NTE5AAAAIN2s+90/+gQY2B46CKPW8rJYWpekM1IX833EsRY8fjo2 root@ubuntu-xenial
ssh-rsa AAAAB3NzaC1yc2EAAAADAQABAAABAQDFRr0VjECvxRx2SiVmuVBbPyXR4RDNutGKd/RQjpVR/ZCID4mfQ9HAt0TzaEaEeg3+s6QXm4rT818KxYKNvuMWLbZ0kS5jPbUWIl7DB79ZIGf2cjTlyIU4UVxMQVCtxT1AjjGBoBhzWSmCUvTIHLpU+AcRE5jkWVoajDDA4PEAxvdtBG/yucX5/SlMI3qooxZjdHiDrsg+/lp8FLRIQFRabi9WtC/DC212Ugi+ZAU9X8W6hCJ7D71T6YGG6lM7GQujclO8pCMBuxoliaVu9gcyClUcZZXn40SR+2PE2TXJh3m5WiLMPui+HIpMYt4pcA8a9A+MeG5EKXzX8yiabasH root@ubuntu-xenial
-----END SSH HOST KEY KEYS-----
[   20.942879] cloud-init[1565]: Cloud-init v. 21.1-19-gbad84ad4-0ubuntu1~16.04.2 running 'modules:final' at Tue, 18 Oct 2022 14:49:33 +0000. Up 20.52 seconds.
[   20.946210] cloud-init[1565]: ci-info: no authorized SSH keys fingerprints found for user ubuntu.
[   20.948288] cloud-init[1565]: Cloud-init v. 21.1-19-gbad84ad4-0ubuntu1~16.04.2 finished at Tue, 18 Oct 2022 14:49:34 +0000. Datasource DataSourceNoCloud [seed=/dev/sdb][dsmode=net].  Up 20.91 seconds
